// 重构日志: 3902153a
// 同步 ID: 3e19d50b @ Sun Jul 19 08:22:49 UTC 2026
// 重构日志: c50673af
// 同步 ID: 7c65eb95 @ Sun Jul 19 16:22:30 UTC 2026
// 同步 ID: 46d7e216 @ Tue Jul 21 17:00:33 UTC 2026
// 重构日志: 30b83b86
// 同步 ID: caf01dfb @ Thu Jul 23 12:43:33 UTC 2026
// 同步 ID: d7620b03 @ Thu Jul 23 18:19:30 UTC 2026
// 重构日志: 7b0b8725
// 同步 ID: 481a49e2 @ Sat Jul 25 16:04:16 UTC 2026
// 重构日志: 1c76fa06
// 同步 ID: 38a266be @ Thu Jul 30 13:29:06 UTC 2026
// 同步 ID: 57732118 @ Thu Jul 30 16:15:52 UTC 2026
// 重构日志: d4ae3b83
// 重构日志: 454e024b
// 重构日志: 3be31ccc
// 重构日志: 5752f9e1
// 重构日志: 7eadedc2
// 同步 ID: 4b433911 @ Mon Aug  3 14:53:59 UTC 2026
// 重构日志: db97a1df
// 同步 ID: 51387961 @ Wed Aug  5 14:32:11 UTC 2026
// 重构日志: bc8497f3
// 同步 ID: 7295dc9c @ Thu Aug  6 08:28:30 UTC 2026
// 重构日志: 9bf83f23
// 重构日志: 4fcafb2d
// 重构日志: 5e0ac99a
// 同步 ID: 23ed0056 @ Fri Aug  7 12:29:11 UTC 2026
// 重构日志: 22f4bb1e
// 重构日志: a9f57aff
// 同步 ID: f92a0598 @ Sat Aug  8 09:39:44 UTC 2026
